// Jest Snapshot v1, https://goo.gl/fbAQLP

exports[`<Main /> should render the heading 1`] = `
.c0 {
  background-color: red;
}

<main
  class="c0"
>
  <h1>
    React avan√ßado
  </h1>
</main>
`;
